bun test v1.3.11 (af24e281)
bun.exe :
At C:\Users\volpe\AppData\Roaming\npm\bun.ps1:14 char:3
+   & "$basedir/node_modules/bun/bin/bun.exe"   $args
+   ~~~~~~~~~~~~~~~~~~~~~~~~~~~~~~~~~~~~~~~~~~~~~~~~~
    + CategoryInfo          : NotSpecified: (:String) [], RemoteException
    + FullyQualifiedErrorId : NativeCommandError

test\coordination-core.test.ts:
(pass) coordination command boundary > commits task, event and reusable result together [16.00ms]
(pass) coordination command boundary > same timestamps remain observable through ordered paginated cursors [31.00ms]
(pass) coordination command boundary > cancel checks scope, creator and version inside its transaction [16.00ms]
(pass) coordination command boundary > transaction failure rolls back state, event and command receipt [31.00ms]
(pass) coordination command boundary > failed notification cannot turn a committed command into a failed acceptance [16.00ms]
(pass) coordination command boundary > mutation without an event is rejected and rolled back [15.00ms]
(pass) real process persistence and migration > commit-before-publish crash is replayable after process restart (bun) [250.00ms]
(pass) real process persistence and migration > commit-before-publish crash is replayable after process restart (node) [266.00ms]
(pass) real process persistence and migration > process exit during migration leaves no adopted partial schema (bun) [250.00ms]
(pass) real process persistence and migration > process exit during migration leaves no adopted partial schema (node) [266.00ms]
(pass) real process persistence and migration > concurrent startup and repeated commands converge on one state change (bun) [1343.00ms]
(pass) real process persistence and migration > concurrent startup and repeated commands converge on one state change (node) [1329.00ms]
(pass) real process persistence and migration > legacy and newer databases are refused without rewriting their version [31.00ms]

test\coordination-ipc.test.ts:
(pass) Bun client command and replay use the Node owner's durable core [250.00ms]
(pass) held event wait wakes after a committed relevant event [250.00ms]
(pass) capability binds actor and scope; invalid capability cannot mutate [250.00ms]
(pass) disconnect rejects pending wait and reconnect replays committed events [234.00ms]
(pass) Node owner rejects a duplicate named-pipe service without crashing [250.00ms]
(pass) Node client uses the same command interface [235.00ms]

 19 pass
 0 fail
 69 expect() calls
Ran 19 tests across 2 files. [5.41s]
